
############################################
#
# Quality Assurance Check
#
############################################

[1] "To manually review edge cases that explain record count disparities, refer to the following folder:"
[1] "https://github.com/reliablerascal/fl-legislation-etl/tree/main/qa"

############################################
#
# Review processed dataframes for anomalies
#
############################################

[1] "1170 roll calls in raw parsed data,"
[1] "0 of these with missing date or no votes"

[1] "20110 legislator-votes in raw parsed data,"
[1] "7 of these are tied to roll calls with no 'present' (aye or nay) votes from either party."

############################################
#
# Review partisan_vote_type edge cases
#
############################################

[1] "Of 20,110 legislator-votes in raw parsed data:"
[1] "44 were categorized as 'Other.' Of these:"
[1] "0 absent"
[1] "0 no vote"
[1] "44 undefined because legislator's own party split their vote equally"
[1] "0 undefined because opposition party split their vote equally"
[1] "0 unexplained"

############################################
#
# Review assignment of incumbent legislators to districts
#
############################################

[1] "160 legislators and 160 incumbent legislators in p_legislators."
[1] "160 districts in p_districts, of which 160 have an incumbent legislator."

############################################
#
# Review party loyalty rankings
#
############################################

For party loyalty tiebreakers, legislators are ranked based on number of votes counted in party loyalty metric.
To review all loyalty ranks, see qa_loyalty_ranks.csv. Here are the first five:
  chamber party rank_partisan_leg_D rank_partisan_leg_R legislator_name district_number leg_party_loyalty
1   House     D                   1                  NA   Anna Eskamani              42                 1
2   House     D                   2                  NA    Ashley Gantt             109                 1
3   House     D                   3                  NA    Angela Nixon              13                 1
4   House     D                   4                  NA   Marie Woodson             105                 1
5   House     D                   5                  NA   Lindsay Cross              60                 1
6   House     D                   6                  NA     Dianne Hart              63                 1
  leg_n_votes_denom_loyalty
1                        23
2                        21
3                        18
4                        18
5                        17
6                        16

############################################
#
# Reconcile legislator vote counts
#
############################################

[1] "20,110 legislator votes."
[1] "20,083 legislator votes in calc_votes01_both_parties_present."
[1] "20,083 legislator votes in calc_votes02_w_partisan_stats."
[1] "20,083 legislator votes in calc_votes03_categorized."
[1] "4 roll calls had no votes for one or both parties"
[1] "This accounts for 27 legislator-votes removed, because they couldn't be weighted for partisan alignment."
[1] "Including 7 legislator-votes removed, because neither party voted."
[1] "See qa_rc_missing_party.csv to review those roll calls."

############################################
#
# Reconcile roll call partisanship calculations
#
############################################

[1] "1170 roll calls."
[1] "2340 roll calls by party in calc_rc01_by_party. We'd expect two records per roll call, or 2340 records."
[1] "5 records where no party members are present for a given roll call."
[1] "See qa_rc_party_none_present.csv to review those records."

[1] "1170 roll calls in calc_rc02_partisanship"
